<?xml version="1.0" encoding="UTF-8" ?>
<testsuites name="vitest tests" tests="2" failures="0" errors="0" time="0.714155896">
    <testsuite name="tests/components/App.test.tsx" timestamp="2026-06-01T07:27:51.232Z" hostname="ubuntu" tests="2" failures="0" errors="0" skipped="0" time="0.714155896">
        <testcase classname="tests/components/App.test.tsx" name="App &gt; should render welcome to Gitlab CI" time="0.148644741">
        </testcase>
        <testcase classname="tests/components/App.test.tsx" name="App &gt; should render welcome to Gitlab CI" time="0.514625396">
        </testcase>
    </testsuite>
</testsuites>
